// Jest Snapshot v1, https://goo.gl/fbAQLP

exports[`LogViewer component Component match snapshot 1`] = `
<div
  className="wrapper"
>
  <p
    className="log"
    key="0"
  >
    log line 1
  </p>
  <p
    className="log error"
    key="1"
  >
    log line 2
  </p>
</div>
`;
