// Jest Snapshot v1, https://goo.gl/fbAQLP

exports[`Message component Component match snapshot 1`] = `
<div
  className="container"
>
  Some text
</div>
`;
