// Jest Snapshot v1, https://goo.gl/fbAQLP

exports[`Breadcrumbs component should render without crashing 1`] = `
<div
  className="container"
>
  <Crumb
    BottomComponent={
      <div>
        bar
      </div>
    }
    LeftIconComponent={<svg />}
    crumbText="foo"
    key="0"
  />
</div>
`;
